=== NetSentinel Debug Launch ===
Python 3.14.4 (tags/v3.14.4:23116f9, Apr  7 2026, 14:10:54) [MSC v.1944 64 bit (AMD64)]
CWD: C:\Code\netsentinel
Log: C:\Code\netsentinel\netsentinel_debug_20260531_115354.log

QApplication created OK
Dashboard class imported OK
[Qt WARN ] <qt> — Could not parse stylesheet of object QFrame(0x1bc74aeccd0)
[Qt WARN ] <qt> — Could not parse stylesheet of object QPushButton(0x1bc74aec790)
[Qt WARN ] <qt> — Could not parse stylesheet of object QPushButton(0x1bc74aec790)
[Qt WARN ] <qt> — Could not parse stylesheet of object QFrame(0x1bc74aeccd0)
[Qt WARN ] <qt> — Could not parse stylesheet of object QLineEdit(0x1bc2c583320)
[Qt WARN ] <qt> — Could not parse stylesheet of object QLineEdit(0x1bc2c583320)
[Qt WARN ] <qt> — Could not parse stylesheet of object QFrame(0x1bc2e53c070, name = "hubCatalogCard")
[Qt WARN ] <qt> — Could not parse stylesheet of object QPushButton(0x1bc2e53ef40)
[Qt WARN ] <qt> — Could not parse stylesheet of object QPushButton(0x1bc2e53ef40)
[Qt WARN ] <qt> — Could not parse stylesheet of object QFrame(0x1bc2e53c070, name = "hubCatalogCard")
[Qt WARN ] <qt> — Could not parse stylesheet of object QFrame(0x1bc2e53e1b0, name = "hubCatalogCard")
[Qt WARN ] <qt> — Could not parse stylesheet of object QPushButton(0x1bc2e5401a0)
[Qt WARN ] <qt> — Could not parse stylesheet of object QPushButton(0x1bc2e5401a0)
[Qt WARN ] <qt> — Could not parse stylesheet of object QFrame(0x1bc2e53e1b0, name = "hubCatalogCard")
[Qt WARN ] <qt> — Could not parse stylesheet of object QFrame(0x1bc2e5419b0, name = "hubCatalogCard")
[Qt WARN ] <qt> — Could not parse stylesheet of object QPushButton(0x1bc2e5430e0)
[Qt WARN ] <qt> — Could not parse stylesheet of object QPushButton(0x1bc2e5430e0)
[Qt WARN ] <qt> — Could not parse stylesheet of object QFrame(0x1bc2e5419b0, name = "hubCatalogCard")
[Qt WARN ] <qt> — Could not parse stylesheet of object QFrame(0x1bc2e542b30, name = "hubCatalogCard")
[Qt WARN ] <qt> — Could not parse stylesheet of object QPushButton(0x1bc2e524c20)
[Qt WARN ] <qt> — Could not parse stylesheet of object QPushButton(0x1bc2e524c20)
[Qt WARN ] <qt> — Could not parse stylesheet of object QFrame(0x1bc2e542b30, name = "hubCatalogCard")
[Qt WARN ] <qt> — Could not parse stylesheet of object QFrame(0x1bc2e5239c0, name = "hubCatalogCard")
[Qt WARN ] <qt> — Could not parse stylesheet of object QPushButton(0x1bc2e3fab40)
[Qt WARN ] <qt> — Could not parse stylesheet of object QPushButton(0x1bc2e3fab40)
[Qt WARN ] <qt> — Could not parse stylesheet of object QFrame(0x1bc2e5239c0, name = "hubCatalogCard")
[Qt WARN ] <qt> — Could not parse stylesheet of object QFrame(0x1bc2ee59810, name = "hubCatalogCard")
[Qt WARN ] <qt> — Could not parse stylesheet of object QPushButton(0x1bc2ee5a3e0)
[Qt WARN ] <qt> — Could not parse stylesheet of object QPushButton(0x1bc2ee5a3e0)
[Qt WARN ] <qt> — Could not parse stylesheet of object QFrame(0x1bc2ee59810, name = "hubCatalogCard")
[Qt WARN ] <qt> — Could not parse stylesheet of object QFrame(0x1bc2ee5b410, name = "hubCatalogCard")
[Qt WARN ] <qt> — Could not parse stylesheet of object QPushButton(0x1bc2ee5b870)
[Qt WARN ] <qt> — Could not parse stylesheet of object QPushButton(0x1bc2ee5b870)
[Qt WARN ] <qt> — Could not parse stylesheet of object QFrame(0x1bc2ee5b410, name = "hubCatalogCard")
[Qt WARN ] <qt> — Could not parse stylesheet of object QFrame(0x1bc2ee5bcd0, name = "hubCatalogCard")
[Qt WARN ] <qt> — Could not parse stylesheet of object QPushButton(0x1bc2ee5e740)
[Qt WARN ] <qt> — Could not parse stylesheet of object QPushButton(0x1bc2ee5e740)
[Qt WARN ] <qt> — Could not parse stylesheet of object QFrame(0x1bc2ee5bcd0, name = "hubCatalogCard")
[Qt WARN ] <qt> — Could not parse stylesheet of object QFrame(0x1bc2ee5fa10, name = "hubCatalogCard")
[Qt WARN ] <qt> — Could not parse stylesheet of object QPushButton(0x1bc2ee5ef20)
[Qt WARN ] <qt> — Could not parse stylesheet of object QPushButton(0x1bc2ee5ef20)
[Qt WARN ] <qt> — Could not parse stylesheet of object QFrame(0x1bc2ee5fa10, name = "hubCatalogCard")
[Qt WARN ] <qt> — Could not parse stylesheet of object QFrame(0x1bc2ee60d50, name = "hubCatalogCard")
[Qt WARN ] <qt> — Could not parse stylesheet of object QPushButton(0x1bc2ee631a0)
[Qt WARN ] <qt> — Could not parse stylesheet of object QPushButton(0x1bc2ee631a0)
[Qt WARN ] <qt> — Could not parse stylesheet of object QFrame(0x1bc2ee60d50, name = "hubCatalogCard")
[Qt WARN ] <qt> — Could not parse stylesheet of object QFrame(0x1bc2e53c070, name = "hubCatalogCard")
[Qt WARN ] <qt> — Could not parse stylesheet of object QPushButton(0x1bc2e53ef40)
[Qt WARN ] <qt> — Could not parse stylesheet of object QFrame(0x1bc2e53e1b0, name = "hubCatalogCard")
[Qt WARN ] <qt> — Could not parse stylesheet of object QPushButton(0x1bc2e5401a0)
[Qt WARN ] <qt> — Could not parse stylesheet of object QFrame(0x1bc2e5419b0, name = "hubCatalogCard")
[Qt WARN ] <qt> — Could not parse stylesheet of object QPushButton(0x1bc2e5430e0)
[Qt WARN ] <qt> — Could not parse stylesheet of object QFrame(0x1bc2e542b30, name = "hubCatalogCard")
[Qt WARN ] <qt> — Could not parse stylesheet of object QPushButton(0x1bc2e524c20)
[Qt WARN ] <qt> — Could not parse stylesheet of object QFrame(0x1bc2e5239c0, name = "hubCatalogCard")
[Qt WARN ] <qt> — Could not parse stylesheet of object QPushButton(0x1bc2e3fab40)
[Qt WARN ] <qt> — Could not parse stylesheet of object QFrame(0x1bc2ee59810, name = "hubCatalogCard")
[Qt WARN ] <qt> — Could not parse stylesheet of object QPushButton(0x1bc2ee5a3e0)
[Qt WARN ] <qt> — Could not parse stylesheet of object QFrame(0x1bc2ee5b410, name = "hubCatalogCard")
[Qt WARN ] <qt> — Could not parse stylesheet of object QPushButton(0x1bc2ee5b870)
[Qt WARN ] <qt> — Could not parse stylesheet of object QFrame(0x1bc2ee5bcd0, name = "hubCatalogCard")
[Qt WARN ] <qt> — Could not parse stylesheet of object QPushButton(0x1bc2ee5e740)
[Qt WARN ] <qt> — Could not parse stylesheet of object QFrame(0x1bc2ee5fa10, name = "hubCatalogCard")
[Qt WARN ] <qt> — Could not parse stylesheet of object QPushButton(0x1bc2ee5ef20)
[Qt WARN ] <qt> — Could not parse stylesheet of object QFrame(0x1bc2ee60d50, name = "hubCatalogCard")
[Qt WARN ] <qt> — Could not parse stylesheet of object QPushButton(0x1bc2ee631a0)

=== UNHANDLED EXCEPTION ===
Traceback (most recent call last):
  File "C:\Code\netsentinel\tools\debug_launch.py", line 83, in <module>
    window = Dashboard()
  File "C:\Code\netsentinel\ui\dashboard.py", line 344, in __init__
    self._build_ui()
    ~~~~~~~~~~~~~~^^
  File "C:\Code\netsentinel\ui\dashboard.py", line 365, in _build_ui
    _main = self._build_tabs()
  File "C:\Code\netsentinel\ui\tabs.py", line 270, in _build_tabs
    from modules.deco_client import _norm_mac as _hw_nm
  File "C:\Code\netsentinel\modules\deco_client.py", line 30, in <module>
    import requests
ModuleNotFoundError: No module named 'requests'
