=== NetSentinel Debug Launch ===
Python 3.14.4 (tags/v3.14.4:23116f9, Apr  7 2026, 14:10:54) [MSC v.1944 64 bit (AMD64)]
CWD: C:\Code\netsentinel
Log: C:\Code\netsentinel\netsentinel_debug_20260531_115506.log

QApplication created OK
Dashboard class imported OK
[Qt WARN ] <qt> — Could not parse stylesheet of object QFrame(0x23435000bc0)
[Qt WARN ] <qt> — Could not parse stylesheet of object QPushButton(0x234350026e0)
[Qt WARN ] <qt> — Could not parse stylesheet of object QPushButton(0x234350026e0)
[Qt WARN ] <qt> — Could not parse stylesheet of object QFrame(0x23435000bc0)
[Qt WARN ] <qt> — Could not parse stylesheet of object QLineEdit(0x2346c122f10)
[Qt WARN ] <qt> — Could not parse stylesheet of object QLineEdit(0x2346c122f10)
[Qt WARN ] <qt> — Could not parse stylesheet of object QFrame(0x2346dc810f0, name = "hubCatalogCard")
[Qt WARN ] <qt> — Could not parse stylesheet of object QPushButton(0x2346dc840a0)
[Qt WARN ] <qt> — Could not parse stylesheet of object QPushButton(0x2346dc840a0)
[Qt WARN ] <qt> — Could not parse stylesheet of object QFrame(0x2346dc810f0, name = "hubCatalogCard")
[Qt WARN ] <qt> — Could not parse stylesheet of object QFrame(0x2346dc83c40, name = "hubCatalogCard")
[Qt WARN ] <qt> — Could not parse stylesheet of object QPushButton(0x2346dc85d10)
[Qt WARN ] <qt> — Could not parse stylesheet of object QPushButton(0x2346dc85d10)
[Qt WARN ] <qt> — Could not parse stylesheet of object QFrame(0x2346dc83c40, name = "hubCatalogCard")
[Qt WARN ] <qt> — Could not parse stylesheet of object QFrame(0x2346dc86a30, name = "hubCatalogCard")
[Qt WARN ] <qt> — Could not parse stylesheet of object QPushButton(0x2346dc879f0)
[Qt WARN ] <qt> — Could not parse stylesheet of object QPushButton(0x2346dc879f0)
[Qt WARN ] <qt> — Could not parse stylesheet of object QFrame(0x2346dc86a30, name = "hubCatalogCard")
[Qt WARN ] <qt> — Could not parse stylesheet of object QFrame(0x2346dc88b00, name = "hubCatalogCard")
[Qt WARN ] <qt> — Could not parse stylesheet of object QPushButton(0x2346dc89d60)
[Qt WARN ] <qt> — Could not parse stylesheet of object QPushButton(0x2346dc89d60)
[Qt WARN ] <qt> — Could not parse stylesheet of object QFrame(0x2346dc88b00, name = "hubCatalogCard")
[Qt WARN ] <qt> — Could not parse stylesheet of object QFrame(0x2346dc8a9a0, name = "hubCatalogCard")
[Qt WARN ] <qt> — Could not parse stylesheet of object QPushButton(0x2346dc8c290)
[Qt WARN ] <qt> — Could not parse stylesheet of object QPushButton(0x2346dc8c290)
[Qt WARN ] <qt> — Could not parse stylesheet of object QFrame(0x2346dc8a9a0, name = "hubCatalogCard")
[Qt WARN ] <qt> — Could not parse stylesheet of object QFrame(0x2346dc8c0d0, name = "hubCatalogCard")
[Qt WARN ] <qt> — Could not parse stylesheet of object QPushButton(0x2346dc8de20)
[Qt WARN ] <qt> — Could not parse stylesheet of object QPushButton(0x2346dc8de20)
[Qt WARN ] <qt> — Could not parse stylesheet of object QFrame(0x2346dc8c0d0, name = "hubCatalogCard")
[Qt WARN ] <qt> — Could not parse stylesheet of object QFrame(0x2346dc8e050, name = "hubCatalogCard")
[Qt WARN ] <qt> — Could not parse stylesheet of object QPushButton(0x2346dc8f470)
[Qt WARN ] <qt> — Could not parse stylesheet of object QPushButton(0x2346dc8f470)
[Qt WARN ] <qt> — Could not parse stylesheet of object QFrame(0x2346dc8e050, name = "hubCatalogCard")
[Qt WARN ] <qt> — Could not parse stylesheet of object QFrame(0x2346dc90cf0, name = "hubCatalogCard")
[Qt WARN ] <qt> — Could not parse stylesheet of object QPushButton(0x2346dc91850)
[Qt WARN ] <qt> — Could not parse stylesheet of object QPushButton(0x2346dc91850)
[Qt WARN ] <qt> — Could not parse stylesheet of object QFrame(0x2346dc90cf0, name = "hubCatalogCard")
[Qt WARN ] <qt> — Could not parse stylesheet of object QFrame(0x2346dc94480, name = "hubCatalogCard")
[Qt WARN ] <qt> — Could not parse stylesheet of object QPushButton(0x2346dc94e20)
[Qt WARN ] <qt> — Could not parse stylesheet of object QPushButton(0x2346dc94e20)
[Qt WARN ] <qt> — Could not parse stylesheet of object QFrame(0x2346dc94480, name = "hubCatalogCard")
[Qt WARN ] <qt> — Could not parse stylesheet of object QFrame(0x2346dc94560, name = "hubCatalogCard")
[Qt WARN ] <qt> — Could not parse stylesheet of object QPushButton(0x2346dc96940)
[Qt WARN ] <qt> — Could not parse stylesheet of object QPushButton(0x2346dc96940)
[Qt WARN ] <qt> — Could not parse stylesheet of object QFrame(0x2346dc94560, name = "hubCatalogCard")
[Qt WARN ] <qt> — Could not parse stylesheet of object QFrame(0x2346dc810f0, name = "hubCatalogCard")
[Qt WARN ] <qt> — Could not parse stylesheet of object QPushButton(0x2346dc840a0)
[Qt WARN ] <qt> — Could not parse stylesheet of object QFrame(0x2346dc83c40, name = "hubCatalogCard")
[Qt WARN ] <qt> — Could not parse stylesheet of object QPushButton(0x2346dc85d10)
[Qt WARN ] <qt> — Could not parse stylesheet of object QFrame(0x2346dc86a30, name = "hubCatalogCard")
[Qt WARN ] <qt> — Could not parse stylesheet of object QPushButton(0x2346dc879f0)
[Qt WARN ] <qt> — Could not parse stylesheet of object QFrame(0x2346dc88b00, name = "hubCatalogCard")
[Qt WARN ] <qt> — Could not parse stylesheet of object QPushButton(0x2346dc89d60)
[Qt WARN ] <qt> — Could not parse stylesheet of object QFrame(0x2346dc8a9a0, name = "hubCatalogCard")
[Qt WARN ] <qt> — Could not parse stylesheet of object QPushButton(0x2346dc8c290)
[Qt WARN ] <qt> — Could not parse stylesheet of object QFrame(0x2346dc8c0d0, name = "hubCatalogCard")
[Qt WARN ] <qt> — Could not parse stylesheet of object QPushButton(0x2346dc8de20)
[Qt WARN ] <qt> — Could not parse stylesheet of object QFrame(0x2346dc8e050, name = "hubCatalogCard")
[Qt WARN ] <qt> — Could not parse stylesheet of object QPushButton(0x2346dc8f470)
[Qt WARN ] <qt> — Could not parse stylesheet of object QFrame(0x2346dc90cf0, name = "hubCatalogCard")
[Qt WARN ] <qt> — Could not parse stylesheet of object QPushButton(0x2346dc91850)
[Qt WARN ] <qt> — Could not parse stylesheet of object QFrame(0x2346dc94480, name = "hubCatalogCard")
[Qt WARN ] <qt> — Could not parse stylesheet of object QPushButton(0x2346dc94e20)
[Qt WARN ] <qt> — Could not parse stylesheet of object QFrame(0x2346dc94560, name = "hubCatalogCard")
[Qt WARN ] <qt> — Could not parse stylesheet of object QPushButton(0x2346dc96940)

=== UNHANDLED EXCEPTION ===
Traceback (most recent call last):
  File "C:\Code\netsentinel\tools\debug_launch.py", line 83, in <module>
    window = Dashboard()
  File "C:\Code\netsentinel\ui\dashboard.py", line 342, in __init__
    self._build_ui()
    ~~~~~~~~~~~~~~^^
  File "C:\Code\netsentinel\ui\dashboard.py", line 363, in _build_ui
    _main = self._build_tabs()
  File "C:\Code\netsentinel\ui\tabs.py", line 270, in _build_tabs
    from modules.deco_client import _norm_mac as _hw_nm
  File "C:\Code\netsentinel\modules\deco_client.py", line 30, in <module>
    import requests
ModuleNotFoundError: No module named 'requests'
