=== NetSentinel Debug Launch ===
Python 3.11.9 (tags/v3.11.9:de54cf5, Apr  2 2024, 10:12:12) [MSC v.1938 64 bit (AMD64)]
CWD: C:\Code\netsentinel

QApplication created OK
Dashboard class imported OK
[Qt WARN ] <qt> — Could not parse stylesheet of object QFrame(0x29c51584b50)
[Qt WARN ] <qt> — Could not parse stylesheet of object QPushButton(0x29c5157dd10)
[Qt WARN ] <qt> — Could not parse stylesheet of object QPushButton(0x29c5157dd10)
[Qt WARN ] <qt> — Could not parse stylesheet of object QFrame(0x29c51584b50)
[Qt WARN ] <qt> — Could not parse stylesheet of object QLineEdit(0x29c084a0d10)
[Qt WARN ] <qt> — Could not parse stylesheet of object QLineEdit(0x29c084a0d10)
[Qt WARN ] <qt> — Could not parse stylesheet of object QFrame(0x29c0ace8cd0, name = "hubCatalogCard")
[Qt WARN ] <qt> — Could not parse stylesheet of object QPushButton(0x29c0acea860)
[Qt WARN ] <qt> — Could not parse stylesheet of object QPushButton(0x29c0acea860)
[Qt WARN ] <qt> — Could not parse stylesheet of object QFrame(0x29c0ace8cd0, name = "hubCatalogCard")
[Qt WARN ] <qt> — Could not parse stylesheet of object QFrame(0x29c0acebd60, name = "hubCatalogCard")
[Qt WARN ] <qt> — Could not parse stylesheet of object QPushButton(0x29c0acee7d0)
[Qt WARN ] <qt> — Could not parse stylesheet of object QPushButton(0x29c0acee7d0)
[Qt WARN ] <qt> — Could not parse stylesheet of object QFrame(0x29c0acebd60, name = "hubCatalogCard")
[Qt WARN ] <qt> — Could not parse stylesheet of object QFrame(0x29c0aced960, name = "hubCatalogCard")
[Qt WARN ] <qt> — Could not parse stylesheet of object QPushButton(0x29c0aceb350)
[Qt WARN ] <qt> — Could not parse stylesheet of object QPushButton(0x29c0aceb350)
[Qt WARN ] <qt> — Could not parse stylesheet of object QFrame(0x29c0aced960, name = "hubCatalogCard")
[Qt WARN ] <qt> — Could not parse stylesheet of object QFrame(0x29c0acce860, name = "hubCatalogCard")
[Qt WARN ] <qt> — Could not parse stylesheet of object QPushButton(0x29c0af36dc0)
[Qt WARN ] <qt> — Could not parse stylesheet of object QPushButton(0x29c0af36dc0)
[Qt WARN ] <qt> — Could not parse stylesheet of object QFrame(0x29c0acce860, name = "hubCatalogCard")
[Qt WARN ] <qt> — Could not parse stylesheet of object QFrame(0x29c0af384f0, name = "hubCatalogCard")
[Qt WARN ] <qt> — Could not parse stylesheet of object QPushButton(0x29c0af3b9e0)
[Qt WARN ] <qt> — Could not parse stylesheet of object QPushButton(0x29c0af3b9e0)
[Qt WARN ] <qt> — Could not parse stylesheet of object QFrame(0x29c0af384f0, name = "hubCatalogCard")
[Qt WARN ] <qt> — Could not parse stylesheet of object QFrame(0x29c0af3b5f0, name = "hubCatalogCard")
[Qt WARN ] <qt> — Could not parse stylesheet of object QPushButton(0x29c0af3d7a0)
[Qt WARN ] <qt> — Could not parse stylesheet of object QPushButton(0x29c0af3d7a0)
[Qt WARN ] <qt> — Could not parse stylesheet of object QFrame(0x29c0af3b5f0, name = "hubCatalogCard")
[Qt WARN ] <qt> — Could not parse stylesheet of object QFrame(0x29c0af3cd90, name = "hubCatalogCard")
[Qt WARN ] <qt> — Could not parse stylesheet of object QPushButton(0x29c0af3e840)
[Qt WARN ] <qt> — Could not parse stylesheet of object QPushButton(0x29c0af3e840)
[Qt WARN ] <qt> — Could not parse stylesheet of object QFrame(0x29c0af3cd90, name = "hubCatalogCard")
[Qt WARN ] <qt> — Could not parse stylesheet of object QFrame(0x29c0af3df80, name = "hubCatalogCard")
[Qt WARN ] <qt> — Could not parse stylesheet of object QPushButton(0x29c0af40050)
[Qt WARN ] <qt> — Could not parse stylesheet of object QPushButton(0x29c0af40050)
[Qt WARN ] <qt> — Could not parse stylesheet of object QFrame(0x29c0af3df80, name = "hubCatalogCard")
[Qt WARN ] <qt> — Could not parse stylesheet of object QFrame(0x29c0af42a50, name = "hubCatalogCard")
[Qt WARN ] <qt> — Could not parse stylesheet of object QPushButton(0x29c0af42660)
[Qt WARN ] <qt> — Could not parse stylesheet of object QPushButton(0x29c0af42660)
[Qt WARN ] <qt> — Could not parse stylesheet of object QFrame(0x29c0af42a50, name = "hubCatalogCard")
[Qt WARN ] <qt> — Could not parse stylesheet of object QFrame(0x29c0af42f90, name = "hubCatalogCard")
[Qt WARN ] <qt> — Could not parse stylesheet of object QPushButton(0x29c0af45140)
[Qt WARN ] <qt> — Could not parse stylesheet of object QPushButton(0x29c0af45140)
[Qt WARN ] <qt> — Could not parse stylesheet of object QFrame(0x29c0af42f90, name = "hubCatalogCard")
[Qt WARN ] <qt> — Could not parse stylesheet of object QFrame(0x29c0ace8cd0, name = "hubCatalogCard")
[Qt WARN ] <qt> — Could not parse stylesheet of object QPushButton(0x29c0acea860)
[Qt WARN ] <qt> — Could not parse stylesheet of object QFrame(0x29c0acebd60, name = "hubCatalogCard")
[Qt WARN ] <qt> — Could not parse stylesheet of object QPushButton(0x29c0acee7d0)
[Qt WARN ] <qt> — Could not parse stylesheet of object QFrame(0x29c0aced960, name = "hubCatalogCard")
[Qt WARN ] <qt> — Could not parse stylesheet of object QPushButton(0x29c0aceb350)
[Qt WARN ] <qt> — Could not parse stylesheet of object QFrame(0x29c0acce860, name = "hubCatalogCard")
[Qt WARN ] <qt> — Could not parse stylesheet of object QPushButton(0x29c0af36dc0)
[Qt WARN ] <qt> — Could not parse stylesheet of object QFrame(0x29c0af384f0, name = "hubCatalogCard")
[Qt WARN ] <qt> — Could not parse stylesheet of object QPushButton(0x29c0af3b9e0)
[Qt WARN ] <qt> — Could not parse stylesheet of object QFrame(0x29c0af3b5f0, name = "hubCatalogCard")
[Qt WARN ] <qt> — Could not parse stylesheet of object QPushButton(0x29c0af3d7a0)
[Qt WARN ] <qt> — Could not parse stylesheet of object QFrame(0x29c0af3cd90, name = "hubCatalogCard")
[Qt WARN ] <qt> — Could not parse stylesheet of object QPushButton(0x29c0af3e840)
[Qt WARN ] <qt> — Could not parse stylesheet of object QFrame(0x29c0af3df80, name = "hubCatalogCard")
[Qt WARN ] <qt> — Could not parse stylesheet of object QPushButton(0x29c0af40050)
[Qt WARN ] <qt> — Could not parse stylesheet of object QFrame(0x29c0af42a50, name = "hubCatalogCard")
[Qt WARN ] <qt> — Could not parse stylesheet of object QPushButton(0x29c0af42660)
[Qt WARN ] <qt> — Could not parse stylesheet of object QFrame(0x29c0af42f90, name = "hubCatalogCard")
[Qt WARN ] <qt> — Could not parse stylesheet of object QPushButton(0x29c0af45140)
[Qt WARN ] <qt> — Could not parse stylesheet of object QFrame(0x29c0b87ce30, name = "pluginCard")
[Qt WARN ] <qt> — Could not parse stylesheet of object QPushButton(0x29c0b095390)
[Qt WARN ] <qt> — Could not parse stylesheet of object QPushButton(0x29c0b095390)
[Qt WARN ] <qt> — Could not parse stylesheet of object QPushButton(0x29c0b099300)
[Qt WARN ] <qt> — Could not parse stylesheet of object QPushButton(0x29c0b099300)
[Qt WARN ] <qt> — Could not parse stylesheet of object QFrame(0x29c0b87ce30, name = "pluginCard")
[Qt WARN ] <qt> — Could not parse stylesheet of object QFrame(0x29c0b09b4b0, name = "pluginCard")
[Qt WARN ] <qt> — Could not parse stylesheet of object QFrame(0x29c0b09b4b0, name = "pluginCard")
[Qt WARN ] <qt> — Could not parse stylesheet of object QFrame(0x29c0b6c6750, name = "pluginCard")
[Qt WARN ] <qt> — Could not parse stylesheet of object QFrame(0x29c0b6c6750, name = "pluginCard")
[Qt WARN ] <qt> — Could not parse stylesheet of object QFrame(0x29c0af38100, name = "pluginCard")
[Qt WARN ] <qt> — Could not parse stylesheet of object QFrame(0x29c0af38100, name = "pluginCard")
[Qt WARN ] <qt> — Could not parse stylesheet of object QFrame(0x29c0bd0b540, name = "pluginCard")
[Qt WARN ] <qt> — Could not parse stylesheet of object QFrame(0x29c0bd0b540, name = "pluginCard")
[Qt WARN ] <qt> — Could not parse stylesheet of object QFrame(0x29c0bd13880, name = "pluginCard")
[Qt WARN ] <qt> — Could not parse stylesheet of object QPushButton(0x29c0bd14b50)
[Qt WARN ] <qt> — Could not parse stylesheet of object QPushButton(0x29c0bd14b50)
[Qt WARN ] <qt> — Could not parse stylesheet of object QPushButton(0x29c0bd17550)
[Qt WARN ] <qt> — Could not parse stylesheet of object QPushButton(0x29c0bd17550)
[Qt WARN ] <qt> — Could not parse stylesheet of object QFrame(0x29c0bd13880, name = "pluginCard")
[Qt WARN ] <qt> — Could not parse stylesheet of object QFrame(0x29c0bd17b00, name = "pluginCard")
[Qt WARN ] <qt> — Could not parse stylesheet of object QFrame(0x29c0bd17b00, name = "pluginCard")
[Qt WARN ] <qt> — Could not parse stylesheet of object QFrame(0x29c0bd1e080, name = "pluginCard")
[Qt WARN ] <qt> — Could not parse stylesheet of object QFrame(0x29c0bd1e080, name = "pluginCard")
[Qt WARN ] <qt> — Could not parse stylesheet of object QFrame(0x29c0bd20310, name = "pluginCard")
[Qt WARN ] <qt> — Could not parse stylesheet of object QFrame(0x29c0bd20310, name = "pluginCard")
[Qt WARN ] <qt> — Could not parse stylesheet of object QFrame(0x29c51584b50)
[Qt WARN ] <qt> — Could not parse stylesheet of object QPushButton(0x29c5157dd10)
[Qt WARN ] <qt> — Could not parse stylesheet of object QFrame(0x29c51584b50)
[Qt WARN ] <qt> — Could not parse stylesheet of object QLineEdit(0x29c084a0d10)
[Qt WARN ] <qt> — Could not parse stylesheet of object QFrame(0x29c0b87ce30, name = "pluginCard")
[Qt WARN ] <qt> — Could not parse stylesheet of object QPushButton(0x29c0b095390)
[Qt WARN ] <qt> — Could not parse stylesheet of object QPushButton(0x29c0b099300)
[Qt WARN ] <qt> — Could not parse stylesheet of object QFrame(0x29c0b09b4b0, name = "pluginCard")
[Qt WARN ] <qt> — Could not parse stylesheet of object QFrame(0x29c0b6c6750, name = "pluginCard")
[Qt WARN ] <qt> — Could not parse stylesheet of object QFrame(0x29c0af38100, name = "pluginCard")
[Qt WARN ] <qt> — Could not parse stylesheet of object QFrame(0x29c0bd0b540, name = "pluginCard")
[Qt WARN ] <qt> — Could not parse stylesheet of object QFrame(0x29c0bd13880, name = "pluginCard")
[Qt WARN ] <qt> — Could not parse stylesheet of object QPushButton(0x29c0bd14b50)
[Qt WARN ] <qt> — Could not parse stylesheet of object QPushButton(0x29c0bd17550)
[Qt WARN ] <qt> — Could not parse stylesheet of object QFrame(0x29c0bd17b00, name = "pluginCard")
[Qt WARN ] <qt> — Could not parse stylesheet of object QFrame(0x29c0bd1e080, name = "pluginCard")
[Qt WARN ] <qt> — Could not parse stylesheet of object QFrame(0x29c0bd20310, name = "pluginCard")
Dashboard() instantiated OK
window.show() called OK

--- entering event loop ---
[Qt WARN ] <qt> — QThreadStorage: entry 1 destroyed before end of thread 0x29c4e1bfe20
[Qt WARN ] <qt> — QThreadStorage: entry 0 destroyed before end of thread 0x29c4e1bfe20
