=== NetSentinel Debug Launch ===
Python 3.11.9 (tags/v3.11.9:de54cf5, Apr  2 2024, 10:12:12) [MSC v.1938 64 bit (AMD64)]
CWD: C:\Code\netsentinel
Log: C:\Code\netsentinel\netsentinel_debug_20260531_120902.log

QApplication created OK
Dashboard class imported OK
[Qt WARN ] <qt> — Could not parse stylesheet of object QFrame(0x17029d21940)
[Qt WARN ] <qt> — Could not parse stylesheet of object QPushButton(0x17029d21470)
[Qt WARN ] <qt> — Could not parse stylesheet of object QPushButton(0x17029d21470)
[Qt WARN ] <qt> — Could not parse stylesheet of object QFrame(0x17029d21940)
[Qt WARN ] <qt> — Could not parse stylesheet of object QLineEdit(0x170615e4980)
[Qt WARN ] <qt> — Could not parse stylesheet of object QLineEdit(0x170615e4980)
[Qt WARN ] <qt> — Could not parse stylesheet of object QFrame(0x170609f9780, name = "hubCatalogCard")
[Qt WARN ] <qt> — Could not parse stylesheet of object QPushButton(0x170609fb700)
[Qt WARN ] <qt> — Could not parse stylesheet of object QPushButton(0x170609fb700)
[Qt WARN ] <qt> — Could not parse stylesheet of object QFrame(0x170609f9780, name = "hubCatalogCard")
[Qt WARN ] <qt> — Could not parse stylesheet of object QFrame(0x170609fab30, name = "hubCatalogCard")
[Qt WARN ] <qt> — Could not parse stylesheet of object QPushButton(0x170609fcab0)
[Qt WARN ] <qt> — Could not parse stylesheet of object QPushButton(0x170609fcab0)
[Qt WARN ] <qt> — Could not parse stylesheet of object QFrame(0x170609fab30, name = "hubCatalogCard")
[Qt WARN ] <qt> — Could not parse stylesheet of object QFrame(0x170609fcdc0, name = "hubCatalogCard")
[Qt WARN ] <qt> — Could not parse stylesheet of object QPushButton(0x170609fe3a0)
[Qt WARN ] <qt> — Could not parse stylesheet of object QPushButton(0x170609fe3a0)
[Qt WARN ] <qt> — Could not parse stylesheet of object QFrame(0x170609fcdc0, name = "hubCatalogCard")
[Qt WARN ] <qt> — Could not parse stylesheet of object QFrame(0x170609fff30, name = "hubCatalogCard")
[Qt WARN ] <qt> — Could not parse stylesheet of object QPushButton(0x17060a00390)
[Qt WARN ] <qt> — Could not parse stylesheet of object QPushButton(0x17060a00390)
[Qt WARN ] <qt> — Could not parse stylesheet of object QFrame(0x170609fff30, name = "hubCatalogCard")
[Qt WARN ] <qt> — Could not parse stylesheet of object QFrame(0x17060a03030, name = "hubCatalogCard")
[Qt WARN ] <qt> — Could not parse stylesheet of object QPushButton(0x17060a04290)
[Qt WARN ] <qt> — Could not parse stylesheet of object QPushButton(0x17060a04290)
[Qt WARN ] <qt> — Could not parse stylesheet of object QFrame(0x17060a03030, name = "hubCatalogCard")
[Qt WARN ] <qt> — Could not parse stylesheet of object QFrame(0x17060a03810, name = "hubCatalogCard")
[Qt WARN ] <qt> — Could not parse stylesheet of object QPushButton(0x17062fc2fb0)
[Qt WARN ] <qt> — Could not parse stylesheet of object QPushButton(0x17062fc2fb0)
[Qt WARN ] <qt> — Could not parse stylesheet of object QFrame(0x17060a03810, name = "hubCatalogCard")
[Qt WARN ] <qt> — Could not parse stylesheet of object QFrame(0x1706367ed00, name = "hubCatalogCard")
[Qt WARN ] <qt> — Could not parse stylesheet of object QPushButton(0x17063681540)
[Qt WARN ] <qt> — Could not parse stylesheet of object QPushButton(0x17063681540)
[Qt WARN ] <qt> — Could not parse stylesheet of object QFrame(0x1706367ed00, name = "hubCatalogCard")
[Qt WARN ] <qt> — Could not parse stylesheet of object QFrame(0x170636815b0, name = "hubCatalogCard")
[Qt WARN ] <qt> — Could not parse stylesheet of object QPushButton(0x17063683530)
[Qt WARN ] <qt> — Could not parse stylesheet of object QPushButton(0x17063683530)
[Qt WARN ] <qt> — Could not parse stylesheet of object QFrame(0x170636815b0, name = "hubCatalogCard")
[Qt WARN ] <qt> — Could not parse stylesheet of object QFrame(0x17063683760, name = "hubCatalogCard")
[Qt WARN ] <qt> — Could not parse stylesheet of object QPushButton(0x17063684f70)
[Qt WARN ] <qt> — Could not parse stylesheet of object QPushButton(0x17063684f70)
[Qt WARN ] <qt> — Could not parse stylesheet of object QFrame(0x17063683760, name = "hubCatalogCard")
[Qt WARN ] <qt> — Could not parse stylesheet of object QFrame(0x17063686d30, name = "hubCatalogCard")
[Qt WARN ] <qt> — Could not parse stylesheet of object QPushButton(0x170636868d0)
[Qt WARN ] <qt> — Could not parse stylesheet of object QPushButton(0x170636868d0)
[Qt WARN ] <qt> — Could not parse stylesheet of object QFrame(0x17063686d30, name = "hubCatalogCard")
[Qt WARN ] <qt> — Could not parse stylesheet of object QFrame(0x170609f9780, name = "hubCatalogCard")
[Qt WARN ] <qt> — Could not parse stylesheet of object QPushButton(0x170609fb700)
[Qt WARN ] <qt> — Could not parse stylesheet of object QFrame(0x170609fab30, name = "hubCatalogCard")
[Qt WARN ] <qt> — Could not parse stylesheet of object QPushButton(0x170609fcab0)
[Qt WARN ] <qt> — Could not parse stylesheet of object QFrame(0x170609fcdc0, name = "hubCatalogCard")
[Qt WARN ] <qt> — Could not parse stylesheet of object QPushButton(0x170609fe3a0)
[Qt WARN ] <qt> — Could not parse stylesheet of object QFrame(0x170609fff30, name = "hubCatalogCard")
[Qt WARN ] <qt> — Could not parse stylesheet of object QPushButton(0x17060a00390)
[Qt WARN ] <qt> — Could not parse stylesheet of object QFrame(0x17060a03030, name = "hubCatalogCard")
[Qt WARN ] <qt> — Could not parse stylesheet of object QPushButton(0x17060a04290)
[Qt WARN ] <qt> — Could not parse stylesheet of object QFrame(0x17060a03810, name = "hubCatalogCard")
[Qt WARN ] <qt> — Could not parse stylesheet of object QPushButton(0x17062fc2fb0)
[Qt WARN ] <qt> — Could not parse stylesheet of object QFrame(0x1706367ed00, name = "hubCatalogCard")
[Qt WARN ] <qt> — Could not parse stylesheet of object QPushButton(0x17063681540)
[Qt WARN ] <qt> — Could not parse stylesheet of object QFrame(0x170636815b0, name = "hubCatalogCard")
[Qt WARN ] <qt> — Could not parse stylesheet of object QPushButton(0x17063683530)
[Qt WARN ] <qt> — Could not parse stylesheet of object QFrame(0x17063683760, name = "hubCatalogCard")
[Qt WARN ] <qt> — Could not parse stylesheet of object QPushButton(0x17063684f70)
[Qt WARN ] <qt> — Could not parse stylesheet of object QFrame(0x17063686d30, name = "hubCatalogCard")
[Qt WARN ] <qt> — Could not parse stylesheet of object QPushButton(0x170636868d0)
[Qt WARN ] <qt> — Could not parse stylesheet of object QFrame(0x170635a2ec0, name = "pluginCard")
[Qt WARN ] <qt> — Could not parse stylesheet of object QPushButton(0x170635a7b50)
[Qt WARN ] <qt> — Could not parse stylesheet of object QPushButton(0x170635a7b50)
[Qt WARN ] <qt> — Could not parse stylesheet of object QPushButton(0x170635a81e0)
[Qt WARN ] <qt> — Could not parse stylesheet of object QPushButton(0x170635a81e0)
[Qt WARN ] <qt> — Could not parse stylesheet of object QFrame(0x170635a2ec0, name = "pluginCard")
[Qt WARN ] <qt> — Could not parse stylesheet of object QFrame(0x170635aa8d0, name = "pluginCard")
[Qt WARN ] <qt> — Could not parse stylesheet of object QFrame(0x170635aa8d0, name = "pluginCard")
[Qt WARN ] <qt> — Could not parse stylesheet of object QFrame(0x170635b1860, name = "pluginCard")
[Qt WARN ] <qt> — Could not parse stylesheet of object QFrame(0x170635b1860, name = "pluginCard")
[Qt WARN ] <qt> — Could not parse stylesheet of object QFrame(0x170635b7de0, name = "pluginCard")
[Qt WARN ] <qt> — Could not parse stylesheet of object QFrame(0x170635b7de0, name = "pluginCard")
[Qt WARN ] <qt> — Could not parse stylesheet of object QFrame(0x170635a8170, name = "pluginCard")
[Qt WARN ] <qt> — Could not parse stylesheet of object QFrame(0x170635a8170, name = "pluginCard")
[Qt WARN ] <qt> — Could not parse stylesheet of object QFrame(0x170644404f0, name = "pluginCard")
[Qt WARN ] <qt> — Could not parse stylesheet of object QPushButton(0x17064443d60)
[Qt WARN ] <qt> — Could not parse stylesheet of object QPushButton(0x17064443d60)
[Qt WARN ] <qt> — Could not parse stylesheet of object QPushButton(0x17064446840)
[Qt WARN ] <qt> — Could not parse stylesheet of object QPushButton(0x17064446840)
[Qt WARN ] <qt> — Could not parse stylesheet of object QFrame(0x170644404f0, name = "pluginCard")
[Qt WARN ] <qt> — Could not parse stylesheet of object QFrame(0x17064448ad0, name = "pluginCard")
[Qt WARN ] <qt> — Could not parse stylesheet of object QFrame(0x17064448ad0, name = "pluginCard")
[Qt WARN ] <qt> — Could not parse stylesheet of object QFrame(0x1706444ae40, name = "pluginCard")
[Qt WARN ] <qt> — Could not parse stylesheet of object QFrame(0x1706444ae40, name = "pluginCard")
[Qt WARN ] <qt> — Could not parse stylesheet of object QFrame(0x17064451a50, name = "pluginCard")
[Qt WARN ] <qt> — Could not parse stylesheet of object QFrame(0x17064451a50, name = "pluginCard")
[Qt WARN ] <qt> — Could not parse stylesheet of object QFrame(0x17029d21940)
[Qt WARN ] <qt> — Could not parse stylesheet of object QPushButton(0x17029d21470)
[Qt WARN ] <qt> — Could not parse stylesheet of object QFrame(0x17029d21940)
[Qt WARN ] <qt> — Could not parse stylesheet of object QLineEdit(0x170615e4980)
[Qt WARN ] <qt> — Could not parse stylesheet of object QFrame(0x170635a2ec0, name = "pluginCard")
[Qt WARN ] <qt> — Could not parse stylesheet of object QPushButton(0x170635a7b50)
[Qt WARN ] <qt> — Could not parse stylesheet of object QPushButton(0x170635a81e0)
[Qt WARN ] <qt> — Could not parse stylesheet of object QFrame(0x170635aa8d0, name = "pluginCard")
[Qt WARN ] <qt> — Could not parse stylesheet of object QFrame(0x170635b1860, name = "pluginCard")
[Qt WARN ] <qt> — Could not parse stylesheet of object QFrame(0x170635b7de0, name = "pluginCard")
[Qt WARN ] <qt> — Could not parse stylesheet of object QFrame(0x170635a8170, name = "pluginCard")
[Qt WARN ] <qt> — Could not parse stylesheet of object QFrame(0x170644404f0, name = "pluginCard")
[Qt WARN ] <qt> — Could not parse stylesheet of object QPushButton(0x17064443d60)
[Qt WARN ] <qt> — Could not parse stylesheet of object QPushButton(0x17064446840)
[Qt WARN ] <qt> — Could not parse stylesheet of object QFrame(0x17064448ad0, name = "pluginCard")
[Qt WARN ] <qt> — Could not parse stylesheet of object QFrame(0x1706444ae40, name = "pluginCard")
[Qt WARN ] <qt> — Could not parse stylesheet of object QFrame(0x17064451a50, name = "pluginCard")
Dashboard() instantiated OK
window.show() called OK

--- entering event loop ---
[Qt WARN ] <qt> — Unknown property cursor
[Qt WARN ] <qt> — QThreadStorage: entry 1 destroyed before end of thread 0x1702389b9e0
[Qt WARN ] <qt> — QThreadStorage: entry 0 destroyed before end of thread 0x1702389b9e0
