=== NetSentinel Debug Launch ===
Python 3.14.4 (tags/v3.14.4:23116f9, Apr  7 2026, 14:10:54) [MSC v.1944 64 bit (AMD64)]
CWD: C:\Code\netsentinel
Log: C:\Code\netsentinel\netsentinel_debug_20260531_115320.log

QApplication created OK
Dashboard class imported OK
[Qt WARN ] <qt> — Could not parse stylesheet of object QFrame(0x24fafdfdb20)
[Qt WARN ] <qt> — Could not parse stylesheet of object QPushButton(0x24fafdfd110)
[Qt WARN ] <qt> — Could not parse stylesheet of object QPushButton(0x24fafdfd110)
[Qt WARN ] <qt> — Could not parse stylesheet of object QFrame(0x24fafdfdb20)

=== UNHANDLED EXCEPTION ===
Traceback (most recent call last):
  File "C:\Code\netsentinel\tools\debug_launch.py", line 83, in <module>
    window = Dashboard()
  File "C:\Code\netsentinel\ui\dashboard.py", line 344, in __init__
    self._build_ui()
    ~~~~~~~~~~~~~~^^
  File "C:\Code\netsentinel\ui\dashboard.py", line 365, in _build_ui
    _main = self._build_tabs()
  File "C:\Code\netsentinel\ui\tabs.py", line 84, in _build_tabs
    self._inventory_page = InventoryPage(store=self._store)
                           ~~~~~~~~~~~~~^^^^^^^^^^^^^^^^^^^
  File "C:\Code\netsentinel\ui\pages\inventory_page.py", line 87, in __init__
    self._build_ui()
    ~~~~~~~~~~~~~~^^
  File "C:\Code\netsentinel\ui\pages\inventory_page.py", line 147, in _build_ui
    for lbl in _WINDOWS:
               ^^^^^^^^
NameError: name '_WINDOWS' is not defined
