=== NetSentinel Debug Launch ===
Python 3.14.4 (tags/v3.14.4:23116f9, Apr  7 2026, 14:10:54) [MSC v.1944 64 bit (AMD64)]
CWD: C:\Code\netsentinel
Log: C:\Code\netsentinel\netsentinel_debug_20260531_115531.log

QApplication created OK
Dashboard class imported OK
[Qt WARN ] <qt> — Could not parse stylesheet of object QFrame(0x1eeb3a9fe70)
[Qt WARN ] <qt> — Could not parse stylesheet of object QPushButton(0x1eeb3aa02d0)
[Qt WARN ] <qt> — Could not parse stylesheet of object QPushButton(0x1eeb3aa02d0)
[Qt WARN ] <qt> — Could not parse stylesheet of object QFrame(0x1eeb3a9fe70)
[Qt WARN ] <qt> — Could not parse stylesheet of object QLineEdit(0x1eeeaebfce0)
[Qt WARN ] <qt> — Could not parse stylesheet of object QLineEdit(0x1eeeaebfce0)
[Qt WARN ] <qt> — Could not parse stylesheet of object QFrame(0x1eeecaf33c0, name = "hubCatalogCard")
[Qt WARN ] <qt> — Could not parse stylesheet of object QPushButton(0x1eeecaf52d0)
[Qt WARN ] <qt> — Could not parse stylesheet of object QPushButton(0x1eeecaf52d0)
[Qt WARN ] <qt> — Could not parse stylesheet of object QFrame(0x1eeecaf33c0, name = "hubCatalogCard")
[Qt WARN ] <qt> — Could not parse stylesheet of object QFrame(0x1eeecaf4150, name = "hubCatalogCard")
[Qt WARN ] <qt> — Could not parse stylesheet of object QPushButton(0x1eeecaf6c30)
[Qt WARN ] <qt> — Could not parse stylesheet of object QPushButton(0x1eeecaf6c30)
[Qt WARN ] <qt> — Could not parse stylesheet of object QFrame(0x1eeecaf4150, name = "hubCatalogCard")
[Qt WARN ] <qt> — Could not parse stylesheet of object QFrame(0x1eeecaf7020, name = "hubCatalogCard")
[Qt WARN ] <qt> — Could not parse stylesheet of object QPushButton(0x1eeecaf9080)
[Qt WARN ] <qt> — Could not parse stylesheet of object QPushButton(0x1eeecaf9080)
[Qt WARN ] <qt> — Could not parse stylesheet of object QFrame(0x1eeecaf7020, name = "hubCatalogCard")
[Qt WARN ] <qt> — Could not parse stylesheet of object QFrame(0x1eeecaf7b10, name = "hubCatalogCard")
[Qt WARN ] <qt> — Could not parse stylesheet of object QPushButton(0x1eeecafa120)
[Qt WARN ] <qt> — Could not parse stylesheet of object QPushButton(0x1eeecafa120)
[Qt WARN ] <qt> — Could not parse stylesheet of object QFrame(0x1eeecaf7b10, name = "hubCatalogCard")
[Qt WARN ] <qt> — Could not parse stylesheet of object QFrame(0x1eeecafb930, name = "hubCatalogCard")
[Qt WARN ] <qt> — Could not parse stylesheet of object QPushButton(0x1eeecafae40)
[Qt WARN ] <qt> — Could not parse stylesheet of object QPushButton(0x1eeecafae40)
[Qt WARN ] <qt> — Could not parse stylesheet of object QFrame(0x1eeecafb930, name = "hubCatalogCard")
[Qt WARN ] <qt> — Could not parse stylesheet of object QFrame(0x1eeecafd290, name = "hubCatalogCard")
[Qt WARN ] <qt> — Could not parse stylesheet of object QPushButton(0x1eeecade430)
[Qt WARN ] <qt> — Could not parse stylesheet of object QPushButton(0x1eeecade430)
[Qt WARN ] <qt> — Could not parse stylesheet of object QFrame(0x1eeecafd290, name = "hubCatalogCard")
[Qt WARN ] <qt> — Could not parse stylesheet of object QFrame(0x1eeecadd390, name = "hubCatalogCard")
[Qt WARN ] <qt> — Could not parse stylesheet of object QPushButton(0x1eeecae06c0)
[Qt WARN ] <qt> — Could not parse stylesheet of object QPushButton(0x1eeecae06c0)
[Qt WARN ] <qt> — Could not parse stylesheet of object QFrame(0x1eeecadd390, name = "hubCatalogCard")
[Qt WARN ] <qt> — Could not parse stylesheet of object QFrame(0x1eeecae07a0, name = "hubCatalogCard")
[Qt WARN ] <qt> — Could not parse stylesheet of object QPushButton(0x1eeecaed540)
[Qt WARN ] <qt> — Could not parse stylesheet of object QPushButton(0x1eeecaed540)
[Qt WARN ] <qt> — Could not parse stylesheet of object QFrame(0x1eeecae07a0, name = "hubCatalogCard")
[Qt WARN ] <qt> — Could not parse stylesheet of object QFrame(0x1eeed2e8bf0, name = "hubCatalogCard")
[Qt WARN ] <qt> — Could not parse stylesheet of object QPushButton(0x1eeed2ea240)
[Qt WARN ] <qt> — Could not parse stylesheet of object QPushButton(0x1eeed2ea240)
[Qt WARN ] <qt> — Could not parse stylesheet of object QFrame(0x1eeed2e8bf0, name = "hubCatalogCard")
[Qt WARN ] <qt> — Could not parse stylesheet of object QFrame(0x1eeed2ea9b0, name = "hubCatalogCard")
[Qt WARN ] <qt> — Could not parse stylesheet of object QPushButton(0x1eeed2ec620)
[Qt WARN ] <qt> — Could not parse stylesheet of object QPushButton(0x1eeed2ec620)
[Qt WARN ] <qt> — Could not parse stylesheet of object QFrame(0x1eeed2ea9b0, name = "hubCatalogCard")
[Qt WARN ] <qt> — Could not parse stylesheet of object QFrame(0x1eeecaf33c0, name = "hubCatalogCard")
[Qt WARN ] <qt> — Could not parse stylesheet of object QPushButton(0x1eeecaf52d0)
[Qt WARN ] <qt> — Could not parse stylesheet of object QFrame(0x1eeecaf4150, name = "hubCatalogCard")
[Qt WARN ] <qt> — Could not parse stylesheet of object QPushButton(0x1eeecaf6c30)
[Qt WARN ] <qt> — Could not parse stylesheet of object QFrame(0x1eeecaf7020, name = "hubCatalogCard")
[Qt WARN ] <qt> — Could not parse stylesheet of object QPushButton(0x1eeecaf9080)
[Qt WARN ] <qt> — Could not parse stylesheet of object QFrame(0x1eeecaf7b10, name = "hubCatalogCard")
[Qt WARN ] <qt> — Could not parse stylesheet of object QPushButton(0x1eeecafa120)
[Qt WARN ] <qt> — Could not parse stylesheet of object QFrame(0x1eeecafb930, name = "hubCatalogCard")
[Qt WARN ] <qt> — Could not parse stylesheet of object QPushButton(0x1eeecafae40)
[Qt WARN ] <qt> — Could not parse stylesheet of object QFrame(0x1eeecafd290, name = "hubCatalogCard")
[Qt WARN ] <qt> — Could not parse stylesheet of object QPushButton(0x1eeecade430)
[Qt WARN ] <qt> — Could not parse stylesheet of object QFrame(0x1eeecadd390, name = "hubCatalogCard")
[Qt WARN ] <qt> — Could not parse stylesheet of object QPushButton(0x1eeecae06c0)
[Qt WARN ] <qt> — Could not parse stylesheet of object QFrame(0x1eeecae07a0, name = "hubCatalogCard")
[Qt WARN ] <qt> — Could not parse stylesheet of object QPushButton(0x1eeecaed540)
[Qt WARN ] <qt> — Could not parse stylesheet of object QFrame(0x1eeed2e8bf0, name = "hubCatalogCard")
[Qt WARN ] <qt> — Could not parse stylesheet of object QPushButton(0x1eeed2ea240)
[Qt WARN ] <qt> — Could not parse stylesheet of object QFrame(0x1eeed2ea9b0, name = "hubCatalogCard")
[Qt WARN ] <qt> — Could not parse stylesheet of object QPushButton(0x1eeed2ec620)

=== UNHANDLED EXCEPTION ===
Traceback (most recent call last):
  File "C:\Code\netsentinel\tools\debug_launch.py", line 83, in <module>
    window = Dashboard()
  File "C:\Code\netsentinel\ui\dashboard.py", line 342, in __init__
    self._build_ui()
    ~~~~~~~~~~~~~~^^
  File "C:\Code\netsentinel\ui\dashboard.py", line 363, in _build_ui
    _main = self._build_tabs()
  File "C:\Code\netsentinel\ui\tabs.py", line 270, in _build_tabs
    from modules.deco_client import _norm_mac as _hw_nm
  File "C:\Code\netsentinel\modules\deco_client.py", line 30, in <module>
    import requests
ModuleNotFoundError: No module named 'requests'
